[32m[Nest] 73952  - [39m09/05/2026, 8:12:23 PM [32m    LOG[39m [38;5;3m[NestFactory] [39m[32mStarting Nest application...[39m
[33m[Nest] 73952  - [39m09/05/2026, 8:12:23 PM [33m   WARN[39m [38;5;3m[ModuleTokenFactory] [39m[33mThe module "ClientsModule" is taking 112.44ms to serialize, this may be caused by larger objects statically assigned to the module. More details: https://github.com/nestjs/nest/issues/12738[39m[38;5;3m +122ms[39m
[33m[Nest] 73952  - [39m09/05/2026, 8:12:23 PM [33m   WARN[39m [38;5;3m[ModuleTokenFactory] [39m[33mThe module "ClientsModule" is taking 132.26ms to serialize, this may be caused by larger objects statically assigned to the module. More details: https://github.com/nestjs/nest/issues/12738[39m[38;5;3m +150ms[39m
[32m[Nest] 73952  - [39m09/05/2026, 8:12:23 PM [32m    LOG[39m [38;5;3m[InstanceLoader] [39m[32mAppModule dependencies initialized[39m[38;5;3m +184ms[39m
[32m[Nest] 73952  - [39m09/05/2026, 8:12:23 PM [32m    LOG[39m [38;5;3m[InstanceLoader] [39m[32mClientsModule dependencies initialized[39m[38;5;3m +3ms[39m
[32m[Nest] 73952  - [39m09/05/2026, 8:12:23 PM [32m    LOG[39m [38;5;3m[InstanceLoader] [39m[32mPassportModule dependencies initialized[39m[38;5;3m +1ms[39m
[32m[Nest] 73952  - [39m09/05/2026, 8:12:23 PM [32m    LOG[39m [38;5;3m[InstanceLoader] [39m[32mJwtModule dependencies initialized[39m[38;5;3m +1ms[39m
[32m[Nest] 73952  - [39m09/05/2026, 8:12:23 PM [32m    LOG[39m [38;5;3m[InstanceLoader] [39m[32mGrpcClientsModule dependencies initialized[39m[38;5;3m +1ms[39m
[32m[Nest] 73952  - [39m09/05/2026, 8:12:23 PM [32m    LOG[39m [38;5;3m[InstanceLoader] [39m[32mAdsModule dependencies initialized[39m[38;5;3m +0ms[39m
[32m[Nest] 73952  - [39m09/05/2026, 8:12:23 PM [32m    LOG[39m [38;5;3m[InstanceLoader] [39m[32mConfigHostModule dependencies initialized[39m[38;5;3m +1ms[39m
[32m[Nest] 73952  - [39m09/05/2026, 8:12:23 PM [32m    LOG[39m [38;5;3m[InstanceLoader] [39m[32mUserProfileModule dependencies initialized[39m[38;5;3m +1ms[39m
[32m[Nest] 73952  - [39m09/05/2026, 8:12:23 PM [32m    LOG[39m [38;5;3m[InstanceLoader] [39m[32mDeliveryAddressModule dependencies initialized[39m[38;5;3m +0ms[39m
[32m[Nest] 73952  - [39m09/05/2026, 8:12:23 PM [32m    LOG[39m [38;5;3m[InstanceLoader] [39m[32mFeatureSettingsModule dependencies initialized[39m[38;5;3m +1ms[39m
[32m[Nest] 73952  - [39m09/05/2026, 8:12:23 PM [32m    LOG[39m [38;5;3m[InstanceLoader] [39m[32mConfigModule dependencies initialized[39m[38;5;3m +0ms[39m
[32m[Nest] 73952  - [39m09/05/2026, 8:12:23 PM [32m    LOG[39m [38;5;3m[InstanceLoader] [39m[32mCartModule dependencies initialized[39m[38;5;3m +2ms[39m
[32m[Nest] 73952  - [39m09/05/2026, 8:12:23 PM [32m    LOG[39m [38;5;3m[InstanceLoader] [39m[32mProductModule dependencies initialized[39m[38;5;3m +2ms[39m
[32m[Nest] 73952  - [39m09/05/2026, 8:12:23 PM [32m    LOG[39m [38;5;3m[InstanceLoader] [39m[32mOrderModule dependencies initialized[39m[38;5;3m +1ms[39m
[90m[4mquery:[24m[39m [94mSELECT[0m [95mversion[0m[37m([0m[37m)[0m [94mas[0m [37mversion[0m
[32m[Nest] 73952  - [39m09/05/2026, 8:12:24 PM [32m    LOG[39m [38;5;3m[InstanceLoader] [39m[32mDatabaseModule dependencies initialized[39m[38;5;3m +93ms[39m
[32m[Nest] 73952  - [39m09/05/2026, 8:12:24 PM [32m    LOG[39m [38;5;3m[InstanceLoader] [39m[32mIdentityModule dependencies initialized[39m[38;5;3m +1ms[39m
[32m[Nest] 73952  - [39m09/05/2026, 8:12:24 PM [32m    LOG[39m [38;5;3m[InstanceLoader] [39m[32mAuthModule dependencies initialized[39m[38;5;3m +1ms[39m
[32m[Nest] 73952  - [39m09/05/2026, 8:12:24 PM [32m    LOG[39m [38;5;3m[InstanceLoader] [39m[32mNotificationModule dependencies initialized[39m[38;5;3m +1ms[39m
[32m[Nest] 73952  - [39m09/05/2026, 8:12:24 PM [32m    LOG[39m [38;5;3m[InstanceLoader] [39m[32mPaymentMethodModule dependencies initialized[39m[38;5;3m +1ms[39m
[32m[Nest] 73952  - [39m09/05/2026, 8:12:24 PM [32m    LOG[39m [38;5;3m[InstanceLoader] [39m[32mEmailModule dependencies initialized[39m[38;5;3m +0ms[39m
[32m[Nest] 73952  - [39m09/05/2026, 8:12:24 PM [32m    LOG[39m [38;5;3m[RoutesResolver] [39m[32mCartController {/cart}:[39m[38;5;3m +79ms[39m
[32m[Nest] 73952  - [39m09/05/2026, 8:12:24 PM [32m    LOG[39m [38;5;3m[RouterExplorer] [39m[32mMapped {/cart, GET} route[39m[38;5;3m +5ms[39m
[32m[Nest] 73952  - [39m09/05/2026, 8:12:24 PM [32m    LOG[39m [38;5;3m[RouterExplorer] [39m[32mMapped {/cart/:id, GET} route[39m[38;5;3m +1ms[39m
[32m[Nest] 73952  - [39m09/05/2026, 8:12:24 PM [32m    LOG[39m [38;5;3m[RouterExplorer] [39m[32mMapped {/cart/by-user-id/:userId, GET} route[39m[38;5;3m +1ms[39m
[32m[Nest] 73952  - [39m09/05/2026, 8:12:24 PM [32m    LOG[39m [38;5;3m[RouterExplorer] [39m[32mMapped {/cart, POST} route[39m[38;5;3m +1ms[39m
[32m[Nest] 73952  - [39m09/05/2026, 8:12:24 PM [32m    LOG[39m [38;5;3m[RouterExplorer] [39m[32mMapped {/cart/lines/:id, DELETE} route[39m[38;5;3m +1ms[39m
[32m[Nest] 73952  - [39m09/05/2026, 8:12:24 PM [32m    LOG[39m [38;5;3m[RouterExplorer] [39m[32mMapped {/cart/lines/user/:userId, GET} route[39m[38;5;3m +1ms[39m
[32m[Nest] 73952  - [39m09/05/2026, 8:12:24 PM [32m    LOG[39m [38;5;3m[RouterExplorer] [39m[32mMapped {/cart/user/:userId, DELETE} route[39m[38;5;3m +1ms[39m
[32m[Nest] 73952  - [39m09/05/2026, 8:12:24 PM [32m    LOG[39m [38;5;3m[RoutesResolver] [39m[32mProductController {/products}:[39m[38;5;3m +0ms[39m
[32m[Nest] 73952  - [39m09/05/2026, 8:12:24 PM [32m    LOG[39m [38;5;3m[RouterExplorer] [39m[32mMapped {/products, GET} route[39m[38;5;3m +1ms[39m
[32m[Nest] 73952  - [39m09/05/2026, 8:12:24 PM [32m    LOG[39m [38;5;3m[RouterExplorer] [39m[32mMapped {/products/:id, GET} route[39m[38;5;3m +1ms[39m
[32m[Nest] 73952  - [39m09/05/2026, 8:12:24 PM [32m    LOG[39m [38;5;3m[RouterExplorer] [39m[32mMapped {/products/:categoryId/products, GET} route[39m[38;5;3m +1ms[39m
[32m[Nest] 73952  - [39m09/05/2026, 8:12:24 PM [32m    LOG[39m [38;5;3m[RoutesResolver] [39m[32mAuthController {/auth}:[39m[38;5;3m +1ms[39m
[32m[Nest] 73952  - [39m09/05/2026, 8:12:24 PM [32m    LOG[39m [38;5;3m[RouterExplorer] [39m[32mMapped {/auth/login, POST} route[39m[38;5;3m +1ms[39m
[32m[Nest] 73952  - [39m09/05/2026, 8:12:24 PM [32m    LOG[39m [38;5;3m[RouterExplorer] [39m[32mMapped {/auth/refresh, POST} route[39m[38;5;3m +1ms[39m
[32m[Nest] 73952  - [39m09/05/2026, 8:12:24 PM [32m    LOG[39m [38;5;3m[RouterExplorer] [39m[32mMapped {/auth/register, POST} route[39m[38;5;3m +1ms[39m
[32m[Nest] 73952  - [39m09/05/2026, 8:12:24 PM [32m    LOG[39m [38;5;3m[RouterExplorer] [39m[32mMapped {/auth/forgot-password, POST} route[39m[38;5;3m +0ms[39m
[32m[Nest] 73952  - [39m09/05/2026, 8:12:24 PM [32m    LOG[39m [38;5;3m[RouterExplorer] [39m[32mMapped {/auth/change-password, POST} route[39m[38;5;3m +1ms[39m
[32m[Nest] 73952  - [39m09/05/2026, 8:12:24 PM [32m    LOG[39m [38;5;3m[RoutesResolver] [39m[32mEmailController {/emails}:[39m[38;5;3m +0ms[39m
[32m[Nest] 73952  - [39m09/05/2026, 8:12:24 PM [32m    LOG[39m [38;5;3m[RouterExplorer] [39m[32mMapped {/emails, POST} route[39m[38;5;3m +1ms[39m
[32m[Nest] 73952  - [39m09/05/2026, 8:12:24 PM [32m    LOG[39m [38;5;3m[RouterExplorer] [39m[32mMapped {/emails/history, GET} route[39m[38;5;3m +1ms[39m
[32m[Nest] 73952  - [39m09/05/2026, 8:12:24 PM [32m    LOG[39m [38;5;3m[RouterExplorer] [39m[32mMapped {/emails/recipient/:to, GET} route[39m[38;5;3m +1ms[39m
[32m[Nest] 73952  - [39m09/05/2026, 8:12:24 PM [32m    LOG[39m [38;5;3m[RouterExplorer] [39m[32mMapped {/emails/:id, GET} route[39m[38;5;3m +0ms[39m
[32m[Nest] 73952  - [39m09/05/2026, 8:12:24 PM [32m    LOG[39m [38;5;3m[RouterExplorer] [39m[32mMapped {/emails/order-confirmation, POST} route[39m[38;5;3m +1ms[39m
[32m[Nest] 73952  - [39m09/05/2026, 8:12:24 PM [32m    LOG[39m [38;5;3m[RoutesResolver] [39m[32mAdsController {/ads}:[39m[38;5;3m +1ms[39m
[32m[Nest] 73952  - [39m09/05/2026, 8:12:24 PM [32m    LOG[39m [38;5;3m[RouterExplorer] [39m[32mMapped {/ads, GET} route[39m[38;5;3m +0ms[39m
[32m[Nest] 73952  - [39m09/05/2026, 8:12:24 PM [32m    LOG[39m [38;5;3m[RoutesResolver] [39m[32mOrderController {/orders}:[39m[38;5;3m +1ms[39m
[32m[Nest] 73952  - [39m09/05/2026, 8:12:24 PM [32m    LOG[39m [38;5;3m[RouterExplorer] [39m[32mMapped {/orders, POST} route[39m[38;5;3m +1ms[39m
[32m[Nest] 73952  - [39m09/05/2026, 8:12:24 PM [32m    LOG[39m [38;5;3m[RouterExplorer] [39m[32mMapped {/orders, GET} route[39m[38;5;3m +1ms[39m
[32m[Nest] 73952  - [39m09/05/2026, 8:12:24 PM [32m    LOG[39m [38;5;3m[RouterExplorer] [39m[32mMapped {/orders/user/:userId, GET} route[39m[38;5;3m +0ms[39m
[32m[Nest] 73952  - [39m09/05/2026, 8:12:24 PM [32m    LOG[39m [38;5;3m[RouterExplorer] [39m[32mMapped {/orders/:id/status, POST} route[39m[38;5;3m +1ms[39m
[32m[Nest] 73952  - [39m09/05/2026, 8:12:24 PM [32m    LOG[39m [38;5;3m[RoutesResolver] [39m[32mNotificationController {/notifications}:[39m[38;5;3m +0ms[39m
[32m[Nest] 73952  - [39m09/05/2026, 8:12:24 PM [32m    LOG[39m [38;5;3m[RouterExplorer] [39m[32mMapped {/notifications/user/:userId, GET} route[39m[38;5;3m +1ms[39m
[32m[Nest] 73952  - [39m09/05/2026, 8:12:24 PM [32m    LOG[39m [38;5;3m[RouterExplorer] [39m[32mMapped {/notifications/:id/read, POST} route[39m[38;5;3m +1ms[39m
[32m[Nest] 73952  - [39m09/05/2026, 8:12:24 PM [32m    LOG[39m [38;5;3m[RoutesResolver] [39m[32mUserProfileController {/user-profile}:[39m[38;5;3m +0ms[39m
[32m[Nest] 73952  - [39m09/05/2026, 8:12:24 PM [32m    LOG[39m [38;5;3m[RouterExplorer] [39m[32mMapped {/user-profile/:userId, GET} route[39m[38;5;3m +0ms[39m
[32m[Nest] 73952  - [39m09/05/2026, 8:12:24 PM [32m    LOG[39m [38;5;3m[RouterExplorer] [39m[32mMapped {/user-profile/:userId, PUT} route[39m[38;5;3m +1ms[39m
[32m[Nest] 73952  - [39m09/05/2026, 8:12:24 PM [32m    LOG[39m [38;5;3m[RoutesResolver] [39m[32mDeliveryAddressController {/delivery-address}:[39m[38;5;3m +1ms[39m
[32m[Nest] 73952  - [39m09/05/2026, 8:12:24 PM [32m    LOG[39m [38;5;3m[RouterExplorer] [39m[32mMapped {/delivery-address/user/:userId, GET} route[39m[38;5;3m +0ms[39m
[32m[Nest] 73952  - [39m09/05/2026, 8:12:24 PM [32m    LOG[39m [38;5;3m[RouterExplorer] [39m[32mMapped {/delivery-address/:id, GET} route[39m[38;5;3m +1ms[39m
[32m[Nest] 73952  - [39m09/05/2026, 8:12:24 PM [32m    LOG[39m [38;5;3m[RouterExplorer] [39m[32mMapped {/delivery-address/default/:userId, GET} route[39m[38;5;3m +0ms[39m
[32m[Nest] 73952  - [39m09/05/2026, 8:12:24 PM [32m    LOG[39m [38;5;3m[RouterExplorer] [39m[32mMapped {/delivery-address/user/:userId, POST} route[39m[38;5;3m +1ms[39m
[32m[Nest] 73952  - [39m09/05/2026, 8:12:24 PM [32m    LOG[39m [38;5;3m[RouterExplorer] [39m[32mMapped {/delivery-address/:id, PUT} route[39m[38;5;3m +1ms[39m
[32m[Nest] 73952  - [39m09/05/2026, 8:12:24 PM [32m    LOG[39m [38;5;3m[RouterExplorer] [39m[32mMapped {/delivery-address/:id, DELETE} route[39m[38;5;3m +0ms[39m
[32m[Nest] 73952  - [39m09/05/2026, 8:12:24 PM [32m    LOG[39m [38;5;3m[RouterExplorer] [39m[32mMapped {/delivery-address/default/:userId/:addressId, PUT} route[39m[38;5;3m +1ms[39m
[32m[Nest] 73952  - [39m09/05/2026, 8:12:24 PM [32m    LOG[39m [38;5;3m[RoutesResolver] [39m[32mPaymentMethodController {/payment-method}:[39m[38;5;3m +1ms[39m
[32m[Nest] 73952  - [39m09/05/2026, 8:12:24 PM [32m    LOG[39m [38;5;3m[RouterExplorer] [39m[32mMapped {/payment-method/user/:userId, GET} route[39m[38;5;3m +1ms[39m
[32m[Nest] 73952  - [39m09/05/2026, 8:12:24 PM [32m    LOG[39m [38;5;3m[RouterExplorer] [39m[32mMapped {/payment-method/:id, GET} route[39m[38;5;3m +1ms[39m
[32m[Nest] 73952  - [39m09/05/2026, 8:12:24 PM [32m    LOG[39m [38;5;3m[RouterExplorer] [39m[32mMapped {/payment-method/default/:userId, GET} route[39m[38;5;3m +1ms[39m
[32m[Nest] 73952  - [39m09/05/2026, 8:12:24 PM [32m    LOG[39m [38;5;3m[RouterExplorer] [39m[32mMapped {/payment-method/available/:userId, GET} route[39m[38;5;3m +0ms[39m
[32m[Nest] 73952  - [39m09/05/2026, 8:12:24 PM [32m    LOG[39m [38;5;3m[RouterExplorer] [39m[32mMapped {/payment-method/settings/:userId, GET} route[39m[38;5;3m +1ms[39m
[32m[Nest] 73952  - [39m09/05/2026, 8:12:24 PM [32m    LOG[39m [38;5;3m[RouterExplorer] [39m[32mMapped {/payment-method/settings/:userId, PUT} route[39m[38;5;3m +1ms[39m
[32m[Nest] 73952  - [39m09/05/2026, 8:12:24 PM [32m    LOG[39m [38;5;3m[RouterExplorer] [39m[32mMapped {/payment-method/user/:userId, POST} route[39m[38;5;3m +1ms[39m
[32m[Nest] 73952  - [39m09/05/2026, 8:12:24 PM [32m    LOG[39m [38;5;3m[RouterExplorer] [39m[32mMapped {/payment-method/:id, PUT} route[39m[38;5;3m +0ms[39m
[32m[Nest] 73952  - [39m09/05/2026, 8:12:24 PM [32m    LOG[39m [38;5;3m[RouterExplorer] [39m[32mMapped {/payment-method/:id, DELETE} route[39m[38;5;3m +1ms[39m
[32m[Nest] 73952  - [39m09/05/2026, 8:12:24 PM [32m    LOG[39m [38;5;3m[RouterExplorer] [39m[32mMapped {/payment-method/default/:userId/:paymentMethodId, PUT} route[39m[38;5;3m +1ms[39m
[32m[Nest] 73952  - [39m09/05/2026, 8:12:24 PM [32m    LOG[39m [38;5;3m[RoutesResolver] [39m[32mFeatureSettingsController {/feature-settings}:[39m[38;5;3m +0ms[39m
[32m[Nest] 73952  - [39m09/05/2026, 8:12:24 PM [32m    LOG[39m [38;5;3m[RouterExplorer] [39m[32mMapped {/feature-settings, GET} route[39m[38;5;3m +1ms[39m
[32m[Nest] 73952  - [39m09/05/2026, 8:12:24 PM [32m    LOG[39m [38;5;3m[RouterExplorer] [39m[32mMapped {/feature-settings/enabled, GET} route[39m[38;5;3m +0ms[39m
[32m[Nest] 73952  - [39m09/05/2026, 8:12:24 PM [32m    LOG[39m [38;5;3m[RouterExplorer] [39m[32mMapped {/feature-settings/:featureKey, GET} route[39m[38;5;3m +1ms[39m
[32m[Nest] 73952  - [39m09/05/2026, 8:12:24 PM [32m    LOG[39m [38;5;3m[RouterExplorer] [39m[32mMapped {/feature-settings/:featureKey, PUT} route[39m[38;5;3m +0ms[39m
[32m[Nest] 73952  - [39m09/05/2026, 8:12:24 PM [32m    LOG[39m [38;5;3m[NestApplication] [39m[32mNest application successfully started[39m[38;5;3m +54ms[39m
Backend running on port 4000
Swagger documentation available at http://localhost:4000/api
